// Jest Snapshot v1, https://goo.gl/fbAQLP

exports[`CellularAutomata Can run a simulation step 1`] = `
Array [
  1,
  1,
  1,
  1,
  1,
  1,
  1,
  1,
  1,
  1,
  1,
  0,
  0,
  0,
  1,
  0,
  0,
  0,
  0,
  1,
  1,
  0,
  0,
  1,
  1,
  1,
  1,
  1,
  1,
  1,
  1,
  0,
  0,
  1,
  1,
  1,
  1,
  0,
  1,
  1,
  1,
  0,
  1,
  1,
  0,
  1,
  1,
  0,
  0,
  0,
  1,
  0,
  0,
  0,
  0,
  0,
  0,
  0,
  0,
  1,
  1,
  1,
  1,
  0,
  0,
  0,
  0,
  0,
  0,
  1,
  1,
  0,
  0,
  1,
  0,
  0,
  0,
  0,
  0,
  1,
  1,
  1,
  1,
  1,
  0,
  0,
  0,
  0,
  0,
  1,
  1,
  1,
  1,
  1,
  1,
  1,
  1,
  1,
  0,
  1,
]
`;
